0 verbose cli /opt/node22/bin/node /opt/node22/lib/node_modules/npm/bin/npm-cli.js
1 info using npm@10.9.7
2 info using node@v22.22.2
3 silly config load:file:/opt/node22/lib/node_modules/npm/npmrc
4 silly config load:file:/home/user/aura-native/.npmrc
5 silly config load:file:/root/.npmrc
6 silly config load:file:/opt/node22/etc/npmrc
7 verbose title npm exec jest
8 verbose argv "exec" "--" "jest"
9 verbose logfile logs-max:10 dir:/home/user/aura-native/D:\Android\npm-cache/_logs/2026-08-05T03_20_43_063Z-
10 verbose logfile /home/user/aura-native/D:\Android\npm-cache/_logs/2026-08-05T03_20_43_063Z-debug-0.log
11 silly logfile done cleaning log files
12 http fetch GET 200 https://registry.npmjs.org/npm 117ms
13 verbose cwd /home/user/aura-native
14 verbose os Linux 6.18.5-fc-v18
15 verbose node v22.22.2
16 verbose npm  v10.9.7
17 notice
17 notice New major version of npm available! 10.9.7 -> 12.0.2
17 notice Changelog: https://github.com/npm/cli/releases/tag/v12.0.2
17 notice To update run: npm install -g npm@12.0.2
17 notice  { force: true, [Symbol(proc-log.meta)]: true }
18 verbose exit 0
19 info ok
